2025-04-11 19:19  INFO 16120 --- [mipapeleria] [main] e.m.mipapeleria.MipapeleriaApplication   : Starting MipapeleriaApplication using Java 17.0.12 with PID 16120 (C:\Users\JOSE\Desktop\proyecto\build\classes\java\main started by JOSE in C:\Users\JOSE\Desktop\proyecto)
2025-04-11 19:19  INFO 16120 --- [mipapeleria] [main] e.m.mipapeleria.MipapeleriaApplication   : No active profile set, falling back to 1 default profile: "default"
2025-04-11 19:19  WARN 16120 --- [mipapeleria] [main] org.hibernate.orm.deprecation            : HHH90000025: H2Dialect does not need to be specified explicitly using 'hibernate.dialect' (remove the property setting and it will be selected by default)
2025-04-11 19:19  WARN 16120 --- [mipapeleria] [main] JpaBaseConfiguration$JpaWebConfiguration : spring.jpa.open-in-view is enabled by default. Therefore, database queries may be performed during view rendering. Explicitly configure spring.jpa.open-in-view to disable this warning
2025-04-11 19:19  INFO 16120 --- [mipapeleria] [main] e.m.mipapeleria.MipapeleriaApplication   : Started MipapeleriaApplication in 3.78 seconds (process running for 4.09)
2025-04-11 19:20  INFO 17848 --- [mipapeleria] [main] e.m.mipapeleria.MipapeleriaApplication   : Starting MipapeleriaApplication using Java 17.0.12 with PID 17848 (C:\Users\JOSE\Desktop\proyecto\build\classes\java\main started by JOSE in C:\Users\JOSE\Desktop\proyecto)
2025-04-11 19:20  INFO 17848 --- [mipapeleria] [main] e.m.mipapeleria.MipapeleriaApplication   : No active profile set, falling back to 1 default profile: "default"
2025-04-11 19:20  WARN 17848 --- [mipapeleria] [main] org.hibernate.orm.deprecation            : HHH90000025: H2Dialect does not need to be specified explicitly using 'hibernate.dialect' (remove the property setting and it will be selected by default)
2025-04-11 19:20  WARN 17848 --- [mipapeleria] [main] JpaBaseConfiguration$JpaWebConfiguration : spring.jpa.open-in-view is enabled by default. Therefore, database queries may be performed during view rendering. Explicitly configure spring.jpa.open-in-view to disable this warning
2025-04-11 19:20  INFO 17848 --- [mipapeleria] [main] e.m.mipapeleria.MipapeleriaApplication   : Started MipapeleriaApplication in 3.732 seconds (process running for 4.057)
2025-04-11 19:20  INFO 17848 --- [mipapeleria] [main] e.m.mipapeleria.MipapeleriaApplication   : es.mde.entidades.Cliente@6956081d
2025-04-11 19:20  INFO 17848 --- [mipapeleria] [main] e.m.mipapeleria.MipapeleriaApplication   : es.mde.entidades.Cliente@230e163b
2025-04-11 19:20  INFO 17848 --- [mipapeleria] [main] e.m.mipapeleria.MipapeleriaApplication   : es.mde.entidades.Cliente@7a41f4a7
2025-04-11 19:20  INFO 17848 --- [mipapeleria] [main] e.m.mipapeleria.MipapeleriaApplication   : es.mde.entidades.Producto@60e5b3a8
2025-04-11 19:20  INFO 17848 --- [mipapeleria] [main] e.m.mipapeleria.MipapeleriaApplication   : es.mde.entidades.Producto@1e084a26
2025-04-11 19:20  INFO 17848 --- [mipapeleria] [main] e.m.mipapeleria.MipapeleriaApplication   : es.mde.entidades.Producto@31c31fa6
2025-04-11 19:25  INFO 18924 --- [mipapeleria] [main] e.m.mipapeleria.MipapeleriaApplication   : Starting MipapeleriaApplication using Java 17.0.12 with PID 18924 (C:\Users\JOSE\Desktop\proyecto\build\classes\java\main started by JOSE in C:\Users\JOSE\Desktop\proyecto)
2025-04-11 19:25  INFO 18924 --- [mipapeleria] [main] e.m.mipapeleria.MipapeleriaApplication   : No active profile set, falling back to 1 default profile: "default"
2025-04-11 19:25  WARN 18924 --- [mipapeleria] [main] org.hibernate.orm.deprecation            : HHH90000025: H2Dialect does not need to be specified explicitly using 'hibernate.dialect' (remove the property setting and it will be selected by default)
2025-04-11 19:25  WARN 18924 --- [mipapeleria] [main] JpaBaseConfiguration$JpaWebConfiguration : spring.jpa.open-in-view is enabled by default. Therefore, database queries may be performed during view rendering. Explicitly configure spring.jpa.open-in-view to disable this warning
2025-04-11 19:25  INFO 18924 --- [mipapeleria] [main] e.m.mipapeleria.MipapeleriaApplication   : Started MipapeleriaApplication in 3.892 seconds (process running for 4.219)
2025-04-11 19:29  INFO 19084 --- [mipapeleria] [main] e.m.mipapeleria.MipapeleriaApplication   : Starting MipapeleriaApplication using Java 17.0.12 with PID 19084 (C:\Users\JOSE\Desktop\proyecto\build\classes\java\main started by JOSE in C:\Users\JOSE\Desktop\proyecto)
2025-04-11 19:29  INFO 19084 --- [mipapeleria] [main] e.m.mipapeleria.MipapeleriaApplication   : No active profile set, falling back to 1 default profile: "default"
2025-04-11 19:29  WARN 19084 --- [mipapeleria] [main] org.hibernate.orm.deprecation            : HHH90000025: H2Dialect does not need to be specified explicitly using 'hibernate.dialect' (remove the property setting and it will be selected by default)
2025-04-11 19:29  WARN 19084 --- [mipapeleria] [main] JpaBaseConfiguration$JpaWebConfiguration : spring.jpa.open-in-view is enabled by default. Therefore, database queries may be performed during view rendering. Explicitly configure spring.jpa.open-in-view to disable this warning
2025-04-11 19:29  INFO 19084 --- [mipapeleria] [main] e.m.mipapeleria.MipapeleriaApplication   : Started MipapeleriaApplication in 3.911 seconds (process running for 4.22)
2025-04-11 19:34  INFO 19436 --- [mipapeleria] [main] e.m.mipapeleria.MipapeleriaApplication   : Starting MipapeleriaApplication using Java 17.0.12 with PID 19436 (C:\Users\JOSE\Desktop\proyecto\build\classes\java\main started by JOSE in C:\Users\JOSE\Desktop\proyecto)
2025-04-11 19:34  INFO 19436 --- [mipapeleria] [main] e.m.mipapeleria.MipapeleriaApplication   : No active profile set, falling back to 1 default profile: "default"
2025-04-11 19:34  WARN 19436 --- [mipapeleria] [main] org.hibernate.orm.deprecation            : HHH90000025: H2Dialect does not need to be specified explicitly using 'hibernate.dialect' (remove the property setting and it will be selected by default)
2025-04-11 19:34  WARN 19436 --- [mipapeleria] [main] JpaBaseConfiguration$JpaWebConfiguration : spring.jpa.open-in-view is enabled by default. Therefore, database queries may be performed during view rendering. Explicitly configure spring.jpa.open-in-view to disable this warning
2025-04-11 19:34  INFO 19436 --- [mipapeleria] [main] e.m.mipapeleria.MipapeleriaApplication   : Started MipapeleriaApplication in 4.395 seconds (process running for 4.724)
2025-04-11 19:39  INFO 18648 --- [mipapeleria] [main] e.m.mipapeleria.MipapeleriaApplication   : Starting MipapeleriaApplication using Java 17.0.12 with PID 18648 (C:\Users\JOSE\Desktop\proyecto\build\classes\java\main started by JOSE in C:\Users\JOSE\Desktop\proyecto)
2025-04-11 19:39  INFO 18648 --- [mipapeleria] [main] e.m.mipapeleria.MipapeleriaApplication   : No active profile set, falling back to 1 default profile: "default"
2025-04-11 19:39  WARN 18648 --- [mipapeleria] [main] org.hibernate.orm.deprecation            : HHH90000025: H2Dialect does not need to be specified explicitly using 'hibernate.dialect' (remove the property setting and it will be selected by default)
2025-04-11 19:39  WARN 18648 --- [mipapeleria] [main] JpaBaseConfiguration$JpaWebConfiguration : spring.jpa.open-in-view is enabled by default. Therefore, database queries may be performed during view rendering. Explicitly configure spring.jpa.open-in-view to disable this warning
2025-04-11 19:39  INFO 18648 --- [mipapeleria] [main] e.m.mipapeleria.MipapeleriaApplication   : Started MipapeleriaApplication in 4.52 seconds (process running for 4.829)
2025-04-11 19:53  INFO 18896 --- [mipapeleria] [main] e.m.mipapeleria.MipapeleriaApplication   : Starting MipapeleriaApplication using Java 17.0.12 with PID 18896 (C:\Users\JOSE\Desktop\proyecto\build\classes\java\main started by JOSE in C:\Users\JOSE\Desktop\proyecto)
2025-04-11 19:53  INFO 18896 --- [mipapeleria] [main] e.m.mipapeleria.MipapeleriaApplication   : No active profile set, falling back to 1 default profile: "default"
2025-04-11 19:53  WARN 18896 --- [mipapeleria] [main] org.hibernate.orm.deprecation            : HHH90000025: H2Dialect does not need to be specified explicitly using 'hibernate.dialect' (remove the property setting and it will be selected by default)
2025-04-11 19:53  WARN 18896 --- [mipapeleria] [main] JpaBaseConfiguration$JpaWebConfiguration : spring.jpa.open-in-view is enabled by default. Therefore, database queries may be performed during view rendering. Explicitly configure spring.jpa.open-in-view to disable this warning
2025-04-11 19:53  INFO 18896 --- [mipapeleria] [main] e.m.mipapeleria.MipapeleriaApplication   : Started MipapeleriaApplication in 4.506 seconds (process running for 4.818)
